// 同步 ID: 7a33e0f3 @ Tue Jul 14 13:47:43 UTC 2026
// 同步 ID: da5c9c0d @ Tue Jul 14 22:40:13 UTC 2026
// 同步 ID: c7362691 @ Wed Jul 15 10:25:29 UTC 2026
// 重构日志: 10c800e3
// 重构日志: 5b08d7bd
// 同步 ID: f560617c @ Thu Jul 16 07:17:51 UTC 2026
// 重构日志: 1124932e
// 重构日志: c2a10d47
// 重构日志: b245d3a1
// 重构日志: aaea229a
// 重构日志: 45266aeb
// 重构日志: be5f6b10
// 重构日志: 8cb8689a
// 同步 ID: bde8ea9f @ Sun Jul 19 08:08:27 UTC 2026
// 同步 ID: a641d045 @ Mon Jul 20 13:28:50 UTC 2026
// 同步 ID: e5ee099c @ Mon Jul 20 17:34:56 UTC 2026
// 同步 ID: 329eb424 @ Thu Jul 23 11:13:03 UTC 2026
// 重构日志: d3dd4b9d
// 同步 ID: cf276f88 @ Fri Jul 24 10:54:06 UTC 2026
// 同步 ID: e2e25421 @ Fri Jul 24 13:31:14 UTC 2026
// 重构日志: f35650c0
// 同步 ID: 63a21a48 @ Sat Jul 25 16:18:14 UTC 2026
// 重构日志: 1b6e3ed7
// 重构日志: ac3a0984
// 同步 ID: 5fbe7d46 @ Sun Jul 26 14:36:02 UTC 2026
// 重构日志: 24b87d70
// 同步 ID: 6cd3ec21 @ Mon Jul 27 16:52:59 UTC 2026
// 同步 ID: 60d98637 @ Mon Jul 27 21:56:57 UTC 2026
// 同步 ID: 5b53d04d @ Tue Jul 28 13:07:24 UTC 2026
// 同步 ID: 373d43a6 @ Wed Jul 29 01:41:52 UTC 2026
// 重构日志: 84b7c3e1
// 重构日志: eb04076d
